<html>
<body>
<pre>
<h1>礦ision Build Log</h1>
<h2>Tool Versions:</h2>
IDE-Version: μVision V5.36.0.0
Copyright (C) 2021 ARM Ltd and ARM Germany GmbH. All rights reserved.
License Information: 1 chenshaoqian0604@126.com, 1, LIC=BUURY-I94V6-JJJ6S-LXH2Y-U0XQZ-RTNW1
 
Tool Versions:
Toolchain:       MDK-ARM Plus  Version: 5.36.0.0
Toolchain Path:  C:\Keil_v5\ARM\ARMCC\Bin
C Compiler:      Armcc.exe V5.06 update 7 (build 960)
Assembler:       Armasm.exe V5.06 update 7 (build 960)
Linker/Locator:  ArmLink.exe V5.06 update 7 (build 960)
Library Manager: ArmAr.exe V5.06 update 7 (build 960)
Hex Converter:   FromElf.exe V5.06 update 7 (build 960)
CPU DLL:         SARMCM3.DLL V5.36.0.0
Dialog DLL:      DCM.DLL V1.17.3.0
Target DLL:      Segger\JL2CM3.dll V2.99.40.0
Dialog DLL:      TCM.DLL V1.53.0.0
 
<h2>Project:</h2>
C:\Users\26775\Desktop\GD32 2\GD32\8、HCSR04\GD32_HCSR04\712\GD32_HCSR04\project\GD32_HCSR04.uvprojx
Project File Date:  07/10/2024

<h2>Output:</h2>
*** Using Compiler 'V5.06 update 7 (build 960)', folder: 'C:\Keil_v5\ARM\ARMCC\Bin'
Rebuild target 'Target 1'
assembling startup_gd32f10x_md.s...
compiling system_gd32f10x.c...
compiling gd32f10x_dbg.c...
compiling gd32f10x_exti.c...
compiling gd32f10x_dac.c...
compiling gd32f10x_bkp.c...
compiling gd32f10x_fmc.c...
compiling gd32f10x_exmc.c...
compiling gd32f10x_adc.c...
compiling gd32f10x_crc.c...
compiling gd32f10x_fwdgt.c...
compiling gd32f10x_dma.c...
compiling gd32f10x_can.c...
compiling gd32f10x_enet.c...
compiling gd32f10x_gpio.c...
compiling gd32f10x_misc.c...
compiling gd32f10x_pmu.c...
compiling gd32f10x_sdio.c...
compiling gd32f10x_it.c...
compiling main.c...
..\User\main.c(23): warning:  #177-D: variable "sensor_Value"  was declared but never referenced
  	uint8_t sensor_Value[4];
..\User\main.c(24): warning:  #177-D: variable "txt"  was declared but never referenced
  	char txt[20];
..\User\main.c(39): warning:  #177-D: variable "duty"  was declared but never referenced
    int32_t duty = 0;	//调整占空比的变量	
..\User\main.c(46): warning:  #550-D: variable "Enc1"  was set but never used
  	int32_t Enc1 = 0;
..\User\main.c(47): warning:  #550-D: variable "Enc2"  was set but never used
  	int32_t Enc2 = 0;
..\User\main.c(48): warning:  #550-D: variable "Enc3"  was set but never used
  	int32_t Enc3 = 0;
..\User\main.c: 6 warnings, 0 errors
compiling systick.c...
compiling gd32f10x_spi.c...
compiling led_driver.c...
compiling gd32f10x_wwdgt.c...
compiling gd32f10x_timer.c...
compiling gd32f10x_i2c.c...
compiling gd32f10x_usart.c...
compiling gd32f10x_rcu.c...
compiling oled_driver.c...
compiling key_driver.c...
compiling gd32f10x_rtc.c...
compiling tim_driver.c...
compiling uart_driver.c...
compiling enc_driver.c...
compiling pwm_driver.c...
compiling Photoelectric.c...
compiling hcsr04_driver.c...
linking...
Program Size: Code=8264 RO-data=2364 RW-data=48 ZI-data=1184  
FromELF: creating hex file...
".\Objects\GD32_HCSR04.axf" - 0 Error(s), 6 Warning(s).

<h2>Software Packages used:</h2>

Package Vendor: GigaDevice
                https://gd32mcu.com/data/documents/pack/GigaDevice.GD32F10x_DFP.2.3.0.pack
                GigaDevice.GD32F10x_DFP.2.3.0
                GigaDevice GD32F10x Series Device Support and Examples

<h2>Collection of Component include folders:</h2>
  C:\Users\26775\AppData\Local\Arm\Packs\GigaDevice\GD32F10x_DFP\2.3.0\Device\Include

<h2>Collection of Component Files used:</h2>
Build Time Elapsed:  00:00:02
</pre>
</body>
</html>
